
ΓòöΓòÉΓòÉΓòÉΓòÉΓòÉΓòÉΓòÉΓòÉΓòÉΓòÉΓòÉΓòÉΓòÉΓòÉΓòÉΓòÉΓòÉΓòÉΓòÉΓòÉΓòÉΓòÉΓòÉΓòÉΓòÉΓòÉΓòÉΓòÉΓòÉΓòÉΓòÉΓòÉΓòÉΓòÉΓòÉΓòÉΓòÉΓòÉΓòÉΓòÉΓòÉΓòÉΓòÉΓòÉΓòÉΓòÉΓòÉΓòÉΓòÉΓòÉΓòÉΓòÉΓòÉΓòÉΓòÉΓòÉΓòÉΓòÉΓòÉΓòù
Γòæ  DIRECT PRODUCT EXTRACTION TEST                           Γòæ
ΓòÜΓòÉΓòÉΓòÉΓòÉΓòÉΓòÉΓòÉΓòÉΓòÉΓòÉΓòÉΓòÉΓòÉΓòÉΓòÉΓòÉΓòÉΓòÉΓòÉΓòÉΓòÉΓòÉΓòÉΓòÉΓòÉΓòÉΓòÉΓòÉΓòÉΓòÉΓòÉΓòÉΓòÉΓòÉΓòÉΓòÉΓòÉΓòÉΓòÉΓòÉΓòÉΓòÉΓòÉΓòÉΓòÉΓòÉΓòÉΓòÉΓòÉΓòÉΓòÉΓòÉΓòÉΓòÉΓòÉΓòÉΓòÉΓòÉΓòÉΓò¥

File: contract_samples/Contract_1.pdf

Reading PDF...
Γ£ô PDF loaded (16713 bytes)

Extracting text...
node.exe : 
At C:\Program Files\nodejs\npx.ps1:29 
char:3
+   & $NODE_EXE $NPX_CLI_JS $args
+   ~~~~~~~~~~~~~~~~~~~~~~~~~~~~~
    + CategoryInfo          : NotSpecif 
   ied: (:String) [], RemoteException
    + FullyQualifiedErrorId : NativeCom 
   mandError
 
Γ¥î Test failed: pdfParse is not a 
function
TypeError: pdfParse is not a function
    at testDirectExtraction 
(C:\Users\Manoj Maheshwar 
JG\OneDrive\Desktop\Vibe Projects\Rebate
OS\scripts\test-direct-extraction.ts:35:
25)
    at <anonymous> (C:\Users\Manoj 
Maheshwar JG\OneDrive\Desktop\Vibe Proje
cts\RebateOS\scripts\test-direct-extract
ion.ts:151:1)
    at Object.<anonymous> 
(C:\Users\Manoj Maheshwar 
JG\OneDrive\Desktop\Vibe Projects\Rebate
OS\scripts\test-direct-extraction.ts:157
:4)
    at Module._compile (node:internal/mo
dules/cjs/loader:1554:14)
    at Object.transformer 
(C:\Users\Manoj Maheshwar 
JG\OneDrive\Desktop\Vibe Projects\Rebate
OS\node_modules\tsx\dist\register-D46fvs
V_.cjs:3:1104)
    at Module.load (node:internal/module
s/cjs/loader:1289:32)
    at Function._load (node:internal/mod
ules/cjs/loader:1108:12)
    at TracingChannel.traceSync 
(node:diagnostics_channel:322:14)
    at wrapModuleLoad (node:internal/mod
ules/cjs/loader:220:24)
    at cjsLoader (node:internal/modules/
esm/translators:262:5)
